/usr/local/lib/python3.11/dist-packages/pandas/core/nanops.py:1028: RuntimeWarning: invalid value encountered in subtract
  sqr = _ensure_numeric((avg - values) ** 2)
/usr/local/lib/python3.11/dist-packages/numpy/_core/_methods.py:49: RuntimeWarning: invalid value encountered in reduce
  return umr_sum(a, axis, dtype, out, keepdims, initial, where)
/usr/local/lib/python3.11/dist-packages/numpy/_core/_methods.py:49: RuntimeWarning: invalid value encountered in reduce
  return umr_sum(a, axis, dtype, out, keepdims, initial, where)
/usr/local/lib/python3.11/dist-packages/pandas/core/nanops.py:1028: RuntimeWarning: invalid value encountered in subtract
  sqr = _ensure_numeric((avg - values) ** 2)
/usr/local/lib/python3.11/dist-packages/numpy/_core/_methods.py:49: RuntimeWarning: invalid value encountered in reduce
  return umr_sum(a, axis, dtype, out, keepdims, initial, where)
/usr/local/lib/python3.11/dist-packages/numpy/_core/_methods.py:49: RuntimeWarning: invalid value encountered in reduce
  return umr_sum(a, axis, dtype, out, keepdims, initial, where)
/usr/local/lib/python3.11/dist-packages/pandas/core/nanops.py:1028: RuntimeWarning: invalid value encountered in subtract
  sqr = _ensure_numeric((avg - values) ** 2)
/usr/local/lib/python3.11/dist-packages/numpy/_core/_methods.py:49: RuntimeWarning: invalid value encountered in reduce
  return umr_sum(a, axis, dtype, out, keepdims, initial, where)
/usr/local/lib/python3.11/dist-packages/numpy/_core/_methods.py:49: RuntimeWarning: invalid value encountered in reduce
  return umr_sum(a, axis, dtype, out, keepdims, initial, where)
/usr/local/lib/python3.11/dist-packages/pandas/core/nanops.py:1028: RuntimeWarning: invalid value encountered in subtract
  sqr = _ensure_numeric((avg - values) ** 2)
/usr/local/lib/python3.11/dist-packages/pandas/core/nanops.py:1028: RuntimeWarning: invalid value encountered in subtract
  sqr = _ensure_numeric((avg - values) ** 2)
38 features
h1 2014: 150649 rows 34s
h1 2015: 197680 rows 44s
h1 2016: 245669 rows 54s
h1 2017: 284910 rows 66s
h1 2018: 336403 rows 86s
h1 2019: 392851 rows 101s
h1 2020: 467672 rows 121s
h1 2021: 547033 rows 145s
h1 2022: 632337 rows 165s
h1 2023: 711423 rows 185s
h1 2024: 801299 rows 207s
h1 2025: 891818 rows 231s
h1 2026: 1003434 rows 256s
h1 IC mean=0.0090 t=2.3
h5 2014: 150646 rows 262s
h5 2015: 197677 rows 276s
h5 2016: 245666 rows 286s
h5 2017: 284907 rows 297s
h5 2018: 336400 rows 310s
h5 2019: 392841 rows 326s
h5 2020: 467657 rows 342s
h5 2021: 547018 rows 367s
h5 2022: 632322 rows 388s
h5 2023: 711408 rows 410s
h5 2024: 801284 rows 435s
h5 2025: 891803 rows 465s
h5 2026: 1003419 rows 492s
h5 IC mean=0.0091 t=2.3
ml2_h1_q20                 netSR= -0.83 grossSR=  0.48 14-19= -1.64 20+= -0.61 to= 0.98
ml2_h1_q20_sm3             netSR= -0.35 grossSR=  0.27 14-19= -0.77 20+= -0.28 to= 0.38
ml2_h5_q20                 netSR= -0.64 grossSR=  0.42 14-19= -1.35 20+= -0.35 to= 0.78
ml2_h5_q20_sm3             netSR= -0.02 grossSR=  0.46 14-19= -0.53 20+=  0.25 to= 0.30
ml2_blend_q20              netSR= -0.63 grossSR=  0.53 14-19= -1.46 20+= -0.33 to= 0.86
ml2_blend_q20_sm3          netSR= -0.09 grossSR=  0.45 14-19= -0.62 20+=  0.17 to= 0.33
ml2_blend_buffered         netSR= -0.53 grossSR=  0.49 14-19= -1.30 20+= -0.21 to= 0.70
DONE 498.4360439777374
